--------------------------------------------------------------------------------
Release 14.7 Trace  (nt)
Copyright (c) 1995-2013 Xilinx, Inc.  All rights reserved.

C:\Windows\14.7\ISE_DS\ISE\bin\nt\unwrapped\trce.exe -intstyle ise -v 3 -s 3 -n
3 -fastpaths -xml unidad_aritmetica.twx unidad_aritmetica.ncd -o
unidad_aritmetica.twr unidad_aritmetica.pcf

Design file:              unidad_aritmetica.ncd
Physical constraint file: unidad_aritmetica.pcf
Device,package,speed:     xc6slx16,csg324,C,-3 (PRODUCTION 1.23 2013-10-13)
Report level:             verbose report

Environment Variable      Effect 
--------------------      ------ 
NONE                      No environment variables were set
--------------------------------------------------------------------------------

INFO:Timing:2698 - No timing constraints found, doing default enumeration.
INFO:Timing:3412 - To improve timing, see the Timing Closure User Guide (UG612).
INFO:Timing:2752 - To get complete path coverage, use the unconstrained paths 
   option. All paths that are not constrained will be reported in the 
   unconstrained paths section(s) of the report.
INFO:Timing:3339 - The clock-to-out numbers in this timing report are based on 
   a 50 Ohm transmission line loading model.  For the details of this model, 
   and for more information on accounting for different loading conditions, 
   please see the device datasheet.



Data Sheet report:
-----------------
All values displayed in nanoseconds (ns)

Pad to Pad
---------------+---------------+---------+
Source Pad     |Destination Pad|  Delay  |
---------------+---------------+---------+
a<0>           |overflow_o     |   18.529|
a<0>           |y_sal<0>       |   20.008|
a<0>           |y_sal<1>       |   20.094|
a<0>           |y_sal<2>       |   20.096|
a<0>           |y_sal<3>       |   19.909|
a<0>           |y_sal<4>       |   19.919|
a<0>           |y_sal<5>       |   20.269|
a<0>           |y_sal<6>       |   20.476|
a<0>           |y_sal<7>       |   20.460|
a<0>           |y_sal<8>       |   19.344|
a<0>           |y_sal<9>       |   20.374|
a<0>           |y_sal<10>      |   20.933|
a<0>           |y_sal<11>      |   20.531|
a<0>           |y_sal<12>      |   21.219|
a<0>           |y_sal<13>      |   21.605|
a<0>           |y_sal<14>      |   21.399|
a<0>           |y_sal<15>      |   21.240|
a<0>           |y_sal<16>      |   21.551|
a<0>           |y_sal<17>      |   21.076|
a<0>           |y_sal<18>      |   23.660|
a<0>           |y_sal<19>      |   23.198|
a<0>           |y_sal<20>      |   23.380|
a<0>           |y_sal<21>      |   23.434|
a<0>           |y_sal<22>      |   23.524|
a<0>           |y_sal<23>      |   23.508|
a<0>           |y_sal<24>      |   25.232|
a<1>           |overflow_o     |   18.219|
a<1>           |y_sal<0>       |   19.698|
a<1>           |y_sal<1>       |   19.784|
a<1>           |y_sal<2>       |   19.786|
a<1>           |y_sal<3>       |   19.599|
a<1>           |y_sal<4>       |   19.609|
a<1>           |y_sal<5>       |   19.959|
a<1>           |y_sal<6>       |   20.166|
a<1>           |y_sal<7>       |   20.150|
a<1>           |y_sal<8>       |   19.034|
a<1>           |y_sal<9>       |   20.064|
a<1>           |y_sal<10>      |   20.623|
a<1>           |y_sal<11>      |   20.221|
a<1>           |y_sal<12>      |   20.909|
a<1>           |y_sal<13>      |   21.295|
a<1>           |y_sal<14>      |   21.089|
a<1>           |y_sal<15>      |   20.930|
a<1>           |y_sal<16>      |   21.241|
a<1>           |y_sal<17>      |   20.766|
a<1>           |y_sal<18>      |   23.350|
a<1>           |y_sal<19>      |   22.888|
a<1>           |y_sal<20>      |   23.070|
a<1>           |y_sal<21>      |   23.124|
a<1>           |y_sal<22>      |   23.214|
a<1>           |y_sal<23>      |   23.198|
a<1>           |y_sal<24>      |   24.922|
a<2>           |overflow_o     |   18.430|
a<2>           |y_sal<0>       |   19.909|
a<2>           |y_sal<1>       |   19.995|
a<2>           |y_sal<2>       |   19.997|
a<2>           |y_sal<3>       |   19.810|
a<2>           |y_sal<4>       |   19.820|
a<2>           |y_sal<5>       |   20.170|
a<2>           |y_sal<6>       |   20.377|
a<2>           |y_sal<7>       |   20.361|
a<2>           |y_sal<8>       |   19.245|
a<2>           |y_sal<9>       |   20.275|
a<2>           |y_sal<10>      |   20.834|
a<2>           |y_sal<11>      |   20.432|
a<2>           |y_sal<12>      |   21.120|
a<2>           |y_sal<13>      |   21.506|
a<2>           |y_sal<14>      |   21.300|
a<2>           |y_sal<15>      |   21.141|
a<2>           |y_sal<16>      |   21.452|
a<2>           |y_sal<17>      |   20.977|
a<2>           |y_sal<18>      |   23.561|
a<2>           |y_sal<19>      |   23.099|
a<2>           |y_sal<20>      |   23.281|
a<2>           |y_sal<21>      |   23.335|
a<2>           |y_sal<22>      |   23.425|
a<2>           |y_sal<23>      |   23.409|
a<2>           |y_sal<24>      |   25.133|
a<3>           |overflow_o     |   18.652|
a<3>           |y_sal<0>       |   20.131|
a<3>           |y_sal<1>       |   20.217|
a<3>           |y_sal<2>       |   20.219|
a<3>           |y_sal<3>       |   20.032|
a<3>           |y_sal<4>       |   20.042|
a<3>           |y_sal<5>       |   20.392|
a<3>           |y_sal<6>       |   20.599|
a<3>           |y_sal<7>       |   20.583|
a<3>           |y_sal<8>       |   19.467|
a<3>           |y_sal<9>       |   20.497|
a<3>           |y_sal<10>      |   21.056|
a<3>           |y_sal<11>      |   20.654|
a<3>           |y_sal<12>      |   21.342|
a<3>           |y_sal<13>      |   21.728|
a<3>           |y_sal<14>      |   21.522|
a<3>           |y_sal<15>      |   21.363|
a<3>           |y_sal<16>      |   21.674|
a<3>           |y_sal<17>      |   21.199|
a<3>           |y_sal<18>      |   23.783|
a<3>           |y_sal<19>      |   23.321|
a<3>           |y_sal<20>      |   23.503|
a<3>           |y_sal<21>      |   23.557|
a<3>           |y_sal<22>      |   23.647|
a<3>           |y_sal<23>      |   23.631|
a<3>           |y_sal<24>      |   25.355|
a<4>           |overflow_o     |   18.200|
a<4>           |y_sal<0>       |   19.679|
a<4>           |y_sal<1>       |   19.765|
a<4>           |y_sal<2>       |   19.767|
a<4>           |y_sal<3>       |   19.580|
a<4>           |y_sal<4>       |   19.590|
a<4>           |y_sal<5>       |   19.940|
a<4>           |y_sal<6>       |   20.147|
a<4>           |y_sal<7>       |   20.131|
a<4>           |y_sal<8>       |   19.015|
a<4>           |y_sal<9>       |   20.045|
a<4>           |y_sal<10>      |   20.604|
a<4>           |y_sal<11>      |   20.202|
a<4>           |y_sal<12>      |   20.890|
a<4>           |y_sal<13>      |   21.276|
a<4>           |y_sal<14>      |   21.070|
a<4>           |y_sal<15>      |   20.911|
a<4>           |y_sal<16>      |   21.222|
a<4>           |y_sal<17>      |   20.747|
a<4>           |y_sal<18>      |   23.331|
a<4>           |y_sal<19>      |   22.869|
a<4>           |y_sal<20>      |   23.051|
a<4>           |y_sal<21>      |   23.105|
a<4>           |y_sal<22>      |   23.195|
a<4>           |y_sal<23>      |   23.179|
a<4>           |y_sal<24>      |   24.903|
a<5>           |overflow_o     |   18.136|
a<5>           |y_sal<0>       |   19.615|
a<5>           |y_sal<1>       |   19.701|
a<5>           |y_sal<2>       |   19.703|
a<5>           |y_sal<3>       |   19.516|
a<5>           |y_sal<4>       |   19.526|
a<5>           |y_sal<5>       |   19.876|
a<5>           |y_sal<6>       |   20.083|
a<5>           |y_sal<7>       |   20.067|
a<5>           |y_sal<8>       |   18.951|
a<5>           |y_sal<9>       |   19.981|
a<5>           |y_sal<10>      |   20.540|
a<5>           |y_sal<11>      |   20.138|
a<5>           |y_sal<12>      |   20.826|
a<5>           |y_sal<13>      |   21.212|
a<5>           |y_sal<14>      |   21.006|
a<5>           |y_sal<15>      |   20.847|
a<5>           |y_sal<16>      |   21.158|
a<5>           |y_sal<17>      |   20.683|
a<5>           |y_sal<18>      |   23.267|
a<5>           |y_sal<19>      |   22.805|
a<5>           |y_sal<20>      |   22.987|
a<5>           |y_sal<21>      |   23.041|
a<5>           |y_sal<22>      |   23.131|
a<5>           |y_sal<23>      |   23.115|
a<5>           |y_sal<24>      |   24.839|
a<6>           |overflow_o     |   18.640|
a<6>           |y_sal<0>       |   20.119|
a<6>           |y_sal<1>       |   20.205|
a<6>           |y_sal<2>       |   20.207|
a<6>           |y_sal<3>       |   20.020|
a<6>           |y_sal<4>       |   20.030|
a<6>           |y_sal<5>       |   20.380|
a<6>           |y_sal<6>       |   20.587|
a<6>           |y_sal<7>       |   20.571|
a<6>           |y_sal<8>       |   19.455|
a<6>           |y_sal<9>       |   20.485|
a<6>           |y_sal<10>      |   21.044|
a<6>           |y_sal<11>      |   20.642|
a<6>           |y_sal<12>      |   21.330|
a<6>           |y_sal<13>      |   21.716|
a<6>           |y_sal<14>      |   21.510|
a<6>           |y_sal<15>      |   21.351|
a<6>           |y_sal<16>      |   21.662|
a<6>           |y_sal<17>      |   21.187|
a<6>           |y_sal<18>      |   23.771|
a<6>           |y_sal<19>      |   23.309|
a<6>           |y_sal<20>      |   23.491|
a<6>           |y_sal<21>      |   23.545|
a<6>           |y_sal<22>      |   23.635|
a<6>           |y_sal<23>      |   23.619|
a<6>           |y_sal<24>      |   25.343|
a<7>           |overflow_o     |   18.345|
a<7>           |y_sal<0>       |   19.824|
a<7>           |y_sal<1>       |   19.910|
a<7>           |y_sal<2>       |   19.912|
a<7>           |y_sal<3>       |   19.725|
a<7>           |y_sal<4>       |   19.735|
a<7>           |y_sal<5>       |   20.085|
a<7>           |y_sal<6>       |   20.292|
a<7>           |y_sal<7>       |   20.276|
a<7>           |y_sal<8>       |   19.160|
a<7>           |y_sal<9>       |   20.190|
a<7>           |y_sal<10>      |   20.749|
a<7>           |y_sal<11>      |   20.347|
a<7>           |y_sal<12>      |   21.035|
a<7>           |y_sal<13>      |   21.421|
a<7>           |y_sal<14>      |   21.215|
a<7>           |y_sal<15>      |   21.056|
a<7>           |y_sal<16>      |   21.367|
a<7>           |y_sal<17>      |   20.892|
a<7>           |y_sal<18>      |   23.476|
a<7>           |y_sal<19>      |   23.014|
a<7>           |y_sal<20>      |   23.196|
a<7>           |y_sal<21>      |   23.250|
a<7>           |y_sal<22>      |   23.340|
a<7>           |y_sal<23>      |   23.324|
a<7>           |y_sal<24>      |   25.048|
a<8>           |overflow_o     |   18.168|
a<8>           |y_sal<0>       |   19.647|
a<8>           |y_sal<1>       |   19.733|
a<8>           |y_sal<2>       |   19.735|
a<8>           |y_sal<3>       |   19.548|
a<8>           |y_sal<4>       |   19.558|
a<8>           |y_sal<5>       |   19.908|
a<8>           |y_sal<6>       |   20.115|
a<8>           |y_sal<7>       |   20.099|
a<8>           |y_sal<8>       |   18.983|
a<8>           |y_sal<9>       |   20.013|
a<8>           |y_sal<10>      |   20.572|
a<8>           |y_sal<11>      |   20.170|
a<8>           |y_sal<12>      |   20.858|
a<8>           |y_sal<13>      |   21.244|
a<8>           |y_sal<14>      |   21.038|
a<8>           |y_sal<15>      |   20.879|
a<8>           |y_sal<16>      |   21.190|
a<8>           |y_sal<17>      |   20.715|
a<8>           |y_sal<18>      |   23.299|
a<8>           |y_sal<19>      |   22.837|
a<8>           |y_sal<20>      |   23.019|
a<8>           |y_sal<21>      |   23.073|
a<8>           |y_sal<22>      |   23.163|
a<8>           |y_sal<23>      |   23.147|
a<8>           |y_sal<24>      |   24.871|
a<9>           |overflow_o     |   17.875|
a<9>           |y_sal<0>       |   19.354|
a<9>           |y_sal<1>       |   19.440|
a<9>           |y_sal<2>       |   19.442|
a<9>           |y_sal<3>       |   19.255|
a<9>           |y_sal<4>       |   19.265|
a<9>           |y_sal<5>       |   19.615|
a<9>           |y_sal<6>       |   19.822|
a<9>           |y_sal<7>       |   19.806|
a<9>           |y_sal<8>       |   18.690|
a<9>           |y_sal<9>       |   19.720|
a<9>           |y_sal<10>      |   20.279|
a<9>           |y_sal<11>      |   19.877|
a<9>           |y_sal<12>      |   20.565|
a<9>           |y_sal<13>      |   20.951|
a<9>           |y_sal<14>      |   20.745|
a<9>           |y_sal<15>      |   20.586|
a<9>           |y_sal<16>      |   20.897|
a<9>           |y_sal<17>      |   20.422|
a<9>           |y_sal<18>      |   23.006|
a<9>           |y_sal<19>      |   22.544|
a<9>           |y_sal<20>      |   22.726|
a<9>           |y_sal<21>      |   22.780|
a<9>           |y_sal<22>      |   22.870|
a<9>           |y_sal<23>      |   22.854|
a<9>           |y_sal<24>      |   24.578|
a<10>          |overflow_o     |   17.873|
a<10>          |y_sal<0>       |   19.352|
a<10>          |y_sal<1>       |   19.438|
a<10>          |y_sal<2>       |   19.440|
a<10>          |y_sal<3>       |   19.253|
a<10>          |y_sal<4>       |   19.263|
a<10>          |y_sal<5>       |   19.613|
a<10>          |y_sal<6>       |   19.820|
a<10>          |y_sal<7>       |   19.804|
a<10>          |y_sal<8>       |   18.688|
a<10>          |y_sal<9>       |   19.718|
a<10>          |y_sal<10>      |   20.277|
a<10>          |y_sal<11>      |   19.875|
a<10>          |y_sal<12>      |   20.563|
a<10>          |y_sal<13>      |   20.949|
a<10>          |y_sal<14>      |   20.743|
a<10>          |y_sal<15>      |   20.584|
a<10>          |y_sal<16>      |   20.895|
a<10>          |y_sal<17>      |   20.420|
a<10>          |y_sal<18>      |   23.004|
a<10>          |y_sal<19>      |   22.542|
a<10>          |y_sal<20>      |   22.724|
a<10>          |y_sal<21>      |   22.778|
a<10>          |y_sal<22>      |   22.868|
a<10>          |y_sal<23>      |   22.852|
a<10>          |y_sal<24>      |   24.576|
a<11>          |overflow_o     |   17.935|
a<11>          |y_sal<0>       |   19.414|
a<11>          |y_sal<1>       |   19.500|
a<11>          |y_sal<2>       |   19.502|
a<11>          |y_sal<3>       |   19.315|
a<11>          |y_sal<4>       |   19.325|
a<11>          |y_sal<5>       |   19.675|
a<11>          |y_sal<6>       |   19.882|
a<11>          |y_sal<7>       |   19.866|
a<11>          |y_sal<8>       |   18.750|
a<11>          |y_sal<9>       |   19.780|
a<11>          |y_sal<10>      |   20.339|
a<11>          |y_sal<11>      |   19.937|
a<11>          |y_sal<12>      |   20.625|
a<11>          |y_sal<13>      |   21.011|
a<11>          |y_sal<14>      |   20.805|
a<11>          |y_sal<15>      |   20.646|
a<11>          |y_sal<16>      |   20.957|
a<11>          |y_sal<17>      |   20.482|
a<11>          |y_sal<18>      |   23.066|
a<11>          |y_sal<19>      |   22.604|
a<11>          |y_sal<20>      |   22.786|
a<11>          |y_sal<21>      |   22.840|
a<11>          |y_sal<22>      |   22.930|
a<11>          |y_sal<23>      |   22.914|
a<11>          |y_sal<24>      |   24.638|
a<12>          |overflow_o     |   18.001|
a<12>          |y_sal<0>       |   19.480|
a<12>          |y_sal<1>       |   19.566|
a<12>          |y_sal<2>       |   19.568|
a<12>          |y_sal<3>       |   19.381|
a<12>          |y_sal<4>       |   19.391|
a<12>          |y_sal<5>       |   19.741|
a<12>          |y_sal<6>       |   19.948|
a<12>          |y_sal<7>       |   19.932|
a<12>          |y_sal<8>       |   18.816|
a<12>          |y_sal<9>       |   19.846|
a<12>          |y_sal<10>      |   20.405|
a<12>          |y_sal<11>      |   20.003|
a<12>          |y_sal<12>      |   20.691|
a<12>          |y_sal<13>      |   21.077|
a<12>          |y_sal<14>      |   20.871|
a<12>          |y_sal<15>      |   20.712|
a<12>          |y_sal<16>      |   21.023|
a<12>          |y_sal<17>      |   20.548|
a<12>          |y_sal<18>      |   23.132|
a<12>          |y_sal<19>      |   22.670|
a<12>          |y_sal<20>      |   22.852|
a<12>          |y_sal<21>      |   22.906|
a<12>          |y_sal<22>      |   22.996|
a<12>          |y_sal<23>      |   22.980|
a<12>          |y_sal<24>      |   24.704|
a<13>          |overflow_o     |   18.237|
a<13>          |y_sal<0>       |   19.716|
a<13>          |y_sal<1>       |   19.802|
a<13>          |y_sal<2>       |   19.804|
a<13>          |y_sal<3>       |   19.617|
a<13>          |y_sal<4>       |   19.627|
a<13>          |y_sal<5>       |   19.977|
a<13>          |y_sal<6>       |   20.184|
a<13>          |y_sal<7>       |   20.168|
a<13>          |y_sal<8>       |   19.052|
a<13>          |y_sal<9>       |   20.082|
a<13>          |y_sal<10>      |   20.641|
a<13>          |y_sal<11>      |   20.239|
a<13>          |y_sal<12>      |   20.927|
a<13>          |y_sal<13>      |   21.313|
a<13>          |y_sal<14>      |   21.107|
a<13>          |y_sal<15>      |   20.948|
a<13>          |y_sal<16>      |   21.259|
a<13>          |y_sal<17>      |   20.784|
a<13>          |y_sal<18>      |   23.368|
a<13>          |y_sal<19>      |   22.906|
a<13>          |y_sal<20>      |   23.088|
a<13>          |y_sal<21>      |   23.142|
a<13>          |y_sal<22>      |   23.232|
a<13>          |y_sal<23>      |   23.216|
a<13>          |y_sal<24>      |   24.940|
a<14>          |overflow_o     |   17.914|
a<14>          |y_sal<0>       |   19.393|
a<14>          |y_sal<1>       |   19.479|
a<14>          |y_sal<2>       |   19.481|
a<14>          |y_sal<3>       |   19.294|
a<14>          |y_sal<4>       |   19.304|
a<14>          |y_sal<5>       |   19.654|
a<14>          |y_sal<6>       |   19.861|
a<14>          |y_sal<7>       |   19.845|
a<14>          |y_sal<8>       |   18.729|
a<14>          |y_sal<9>       |   19.759|
a<14>          |y_sal<10>      |   20.318|
a<14>          |y_sal<11>      |   19.916|
a<14>          |y_sal<12>      |   20.604|
a<14>          |y_sal<13>      |   20.990|
a<14>          |y_sal<14>      |   20.784|
a<14>          |y_sal<15>      |   20.625|
a<14>          |y_sal<16>      |   20.936|
a<14>          |y_sal<17>      |   20.461|
a<14>          |y_sal<18>      |   23.045|
a<14>          |y_sal<19>      |   22.583|
a<14>          |y_sal<20>      |   22.765|
a<14>          |y_sal<21>      |   22.819|
a<14>          |y_sal<22>      |   22.909|
a<14>          |y_sal<23>      |   22.893|
a<14>          |y_sal<24>      |   24.617|
a<15>          |overflow_o     |   17.481|
a<15>          |y_sal<0>       |   18.960|
a<15>          |y_sal<1>       |   19.046|
a<15>          |y_sal<2>       |   19.048|
a<15>          |y_sal<3>       |   18.861|
a<15>          |y_sal<4>       |   18.871|
a<15>          |y_sal<5>       |   19.221|
a<15>          |y_sal<6>       |   19.428|
a<15>          |y_sal<7>       |   19.412|
a<15>          |y_sal<8>       |   18.296|
a<15>          |y_sal<9>       |   19.326|
a<15>          |y_sal<10>      |   19.885|
a<15>          |y_sal<11>      |   19.483|
a<15>          |y_sal<12>      |   20.171|
a<15>          |y_sal<13>      |   20.557|
a<15>          |y_sal<14>      |   20.351|
a<15>          |y_sal<15>      |   20.192|
a<15>          |y_sal<16>      |   20.503|
a<15>          |y_sal<17>      |   20.028|
a<15>          |y_sal<18>      |   22.612|
a<15>          |y_sal<19>      |   22.150|
a<15>          |y_sal<20>      |   22.332|
a<15>          |y_sal<21>      |   22.386|
a<15>          |y_sal<22>      |   22.476|
a<15>          |y_sal<23>      |   22.460|
a<15>          |y_sal<24>      |   24.184|
a<16>          |overflow_o     |   17.892|
a<16>          |y_sal<0>       |   19.371|
a<16>          |y_sal<1>       |   19.457|
a<16>          |y_sal<2>       |   19.459|
a<16>          |y_sal<3>       |   19.272|
a<16>          |y_sal<4>       |   19.282|
a<16>          |y_sal<5>       |   19.632|
a<16>          |y_sal<6>       |   19.839|
a<16>          |y_sal<7>       |   19.823|
a<16>          |y_sal<8>       |   18.707|
a<16>          |y_sal<9>       |   19.737|
a<16>          |y_sal<10>      |   20.296|
a<16>          |y_sal<11>      |   19.894|
a<16>          |y_sal<12>      |   20.582|
a<16>          |y_sal<13>      |   20.968|
a<16>          |y_sal<14>      |   20.762|
a<16>          |y_sal<15>      |   20.603|
a<16>          |y_sal<16>      |   20.914|
a<16>          |y_sal<17>      |   20.439|
a<16>          |y_sal<18>      |   23.023|
a<16>          |y_sal<19>      |   22.561|
a<16>          |y_sal<20>      |   22.743|
a<16>          |y_sal<21>      |   22.797|
a<16>          |y_sal<22>      |   22.887|
a<16>          |y_sal<23>      |   22.871|
a<16>          |y_sal<24>      |   24.595|
a<17>          |overflow_o     |   15.124|
a<17>          |y_sal<0>       |   16.603|
a<17>          |y_sal<1>       |   16.689|
a<17>          |y_sal<2>       |   16.691|
a<17>          |y_sal<3>       |   16.504|
a<17>          |y_sal<4>       |   16.514|
a<17>          |y_sal<5>       |   16.864|
a<17>          |y_sal<6>       |   17.071|
a<17>          |y_sal<7>       |   17.055|
a<17>          |y_sal<8>       |   15.939|
a<17>          |y_sal<9>       |   16.969|
a<17>          |y_sal<10>      |   17.528|
a<17>          |y_sal<11>      |   17.126|
a<17>          |y_sal<12>      |   17.814|
a<17>          |y_sal<13>      |   18.200|
a<17>          |y_sal<14>      |   17.994|
a<17>          |y_sal<15>      |   17.835|
a<17>          |y_sal<16>      |   18.146|
a<17>          |y_sal<17>      |   17.671|
a<17>          |y_sal<18>      |   20.255|
a<17>          |y_sal<19>      |   19.793|
a<17>          |y_sal<20>      |   19.975|
a<17>          |y_sal<21>      |   20.029|
a<17>          |y_sal<22>      |   20.119|
a<17>          |y_sal<23>      |   20.103|
a<17>          |y_sal<24>      |   21.827|
a<18>          |overflow_o     |   15.284|
a<18>          |y_sal<0>       |   16.763|
a<18>          |y_sal<1>       |   16.849|
a<18>          |y_sal<2>       |   16.851|
a<18>          |y_sal<3>       |   16.664|
a<18>          |y_sal<4>       |   16.674|
a<18>          |y_sal<5>       |   17.024|
a<18>          |y_sal<6>       |   17.231|
a<18>          |y_sal<7>       |   17.215|
a<18>          |y_sal<8>       |   16.099|
a<18>          |y_sal<9>       |   17.129|
a<18>          |y_sal<10>      |   17.688|
a<18>          |y_sal<11>      |   17.286|
a<18>          |y_sal<12>      |   17.974|
a<18>          |y_sal<13>      |   18.360|
a<18>          |y_sal<14>      |   18.154|
a<18>          |y_sal<15>      |   17.995|
a<18>          |y_sal<16>      |   18.306|
a<18>          |y_sal<17>      |   17.831|
a<18>          |y_sal<18>      |   20.415|
a<18>          |y_sal<19>      |   19.953|
a<18>          |y_sal<20>      |   20.135|
a<18>          |y_sal<21>      |   20.189|
a<18>          |y_sal<22>      |   20.279|
a<18>          |y_sal<23>      |   20.263|
a<18>          |y_sal<24>      |   21.987|
a<19>          |overflow_o     |   15.439|
a<19>          |y_sal<0>       |   16.918|
a<19>          |y_sal<1>       |   17.004|
a<19>          |y_sal<2>       |   17.006|
a<19>          |y_sal<3>       |   16.819|
a<19>          |y_sal<4>       |   16.829|
a<19>          |y_sal<5>       |   17.179|
a<19>          |y_sal<6>       |   17.386|
a<19>          |y_sal<7>       |   17.370|
a<19>          |y_sal<8>       |   16.254|
a<19>          |y_sal<9>       |   17.284|
a<19>          |y_sal<10>      |   17.843|
a<19>          |y_sal<11>      |   17.441|
a<19>          |y_sal<12>      |   18.129|
a<19>          |y_sal<13>      |   18.515|
a<19>          |y_sal<14>      |   18.309|
a<19>          |y_sal<15>      |   18.150|
a<19>          |y_sal<16>      |   18.461|
a<19>          |y_sal<17>      |   17.986|
a<19>          |y_sal<18>      |   20.570|
a<19>          |y_sal<19>      |   20.108|
a<19>          |y_sal<20>      |   20.290|
a<19>          |y_sal<21>      |   20.344|
a<19>          |y_sal<22>      |   20.434|
a<19>          |y_sal<23>      |   20.418|
a<19>          |y_sal<24>      |   22.142|
a<20>          |overflow_o     |   15.050|
a<20>          |y_sal<0>       |   16.529|
a<20>          |y_sal<1>       |   16.615|
a<20>          |y_sal<2>       |   16.617|
a<20>          |y_sal<3>       |   16.430|
a<20>          |y_sal<4>       |   16.440|
a<20>          |y_sal<5>       |   16.790|
a<20>          |y_sal<6>       |   16.997|
a<20>          |y_sal<7>       |   16.981|
a<20>          |y_sal<8>       |   15.865|
a<20>          |y_sal<9>       |   16.895|
a<20>          |y_sal<10>      |   17.454|
a<20>          |y_sal<11>      |   17.052|
a<20>          |y_sal<12>      |   17.740|
a<20>          |y_sal<13>      |   18.126|
a<20>          |y_sal<14>      |   17.920|
a<20>          |y_sal<15>      |   17.761|
a<20>          |y_sal<16>      |   18.072|
a<20>          |y_sal<17>      |   17.597|
a<20>          |y_sal<18>      |   20.181|
a<20>          |y_sal<19>      |   19.719|
a<20>          |y_sal<20>      |   19.901|
a<20>          |y_sal<21>      |   19.955|
a<20>          |y_sal<22>      |   20.045|
a<20>          |y_sal<23>      |   20.029|
a<20>          |y_sal<24>      |   21.753|
a<21>          |overflow_o     |   15.211|
a<21>          |y_sal<0>       |   16.690|
a<21>          |y_sal<1>       |   16.776|
a<21>          |y_sal<2>       |   16.778|
a<21>          |y_sal<3>       |   16.591|
a<21>          |y_sal<4>       |   16.601|
a<21>          |y_sal<5>       |   16.951|
a<21>          |y_sal<6>       |   17.158|
a<21>          |y_sal<7>       |   17.142|
a<21>          |y_sal<8>       |   16.026|
a<21>          |y_sal<9>       |   17.056|
a<21>          |y_sal<10>      |   17.615|
a<21>          |y_sal<11>      |   17.213|
a<21>          |y_sal<12>      |   17.901|
a<21>          |y_sal<13>      |   18.287|
a<21>          |y_sal<14>      |   18.081|
a<21>          |y_sal<15>      |   17.922|
a<21>          |y_sal<16>      |   18.233|
a<21>          |y_sal<17>      |   17.758|
a<21>          |y_sal<18>      |   20.342|
a<21>          |y_sal<19>      |   19.880|
a<21>          |y_sal<20>      |   20.062|
a<21>          |y_sal<21>      |   20.116|
a<21>          |y_sal<22>      |   20.206|
a<21>          |y_sal<23>      |   20.190|
a<21>          |y_sal<24>      |   21.914|
a<22>          |overflow_o     |   14.837|
a<22>          |y_sal<0>       |   16.316|
a<22>          |y_sal<1>       |   16.402|
a<22>          |y_sal<2>       |   16.404|
a<22>          |y_sal<3>       |   16.217|
a<22>          |y_sal<4>       |   16.227|
a<22>          |y_sal<5>       |   16.577|
a<22>          |y_sal<6>       |   16.784|
a<22>          |y_sal<7>       |   16.768|
a<22>          |y_sal<8>       |   15.652|
a<22>          |y_sal<9>       |   16.682|
a<22>          |y_sal<10>      |   17.241|
a<22>          |y_sal<11>      |   16.839|
a<22>          |y_sal<12>      |   17.527|
a<22>          |y_sal<13>      |   17.913|
a<22>          |y_sal<14>      |   17.707|
a<22>          |y_sal<15>      |   17.548|
a<22>          |y_sal<16>      |   17.859|
a<22>          |y_sal<17>      |   17.384|
a<22>          |y_sal<18>      |   19.968|
a<22>          |y_sal<19>      |   19.506|
a<22>          |y_sal<20>      |   19.688|
a<22>          |y_sal<21>      |   19.742|
a<22>          |y_sal<22>      |   19.832|
a<22>          |y_sal<23>      |   19.816|
a<22>          |y_sal<24>      |   21.540|
a<23>          |overflow_o     |   15.171|
a<23>          |y_sal<0>       |   16.650|
a<23>          |y_sal<1>       |   16.736|
a<23>          |y_sal<2>       |   16.738|
a<23>          |y_sal<3>       |   16.551|
a<23>          |y_sal<4>       |   16.561|
a<23>          |y_sal<5>       |   16.911|
a<23>          |y_sal<6>       |   17.118|
a<23>          |y_sal<7>       |   17.102|
a<23>          |y_sal<8>       |   15.986|
a<23>          |y_sal<9>       |   17.016|
a<23>          |y_sal<10>      |   17.575|
a<23>          |y_sal<11>      |   17.173|
a<23>          |y_sal<12>      |   17.861|
a<23>          |y_sal<13>      |   18.247|
a<23>          |y_sal<14>      |   18.041|
a<23>          |y_sal<15>      |   17.882|
a<23>          |y_sal<16>      |   18.193|
a<23>          |y_sal<17>      |   17.718|
a<23>          |y_sal<18>      |   20.302|
a<23>          |y_sal<19>      |   19.840|
a<23>          |y_sal<20>      |   20.022|
a<23>          |y_sal<21>      |   20.076|
a<23>          |y_sal<22>      |   20.166|
a<23>          |y_sal<23>      |   20.150|
a<23>          |y_sal<24>      |   21.874|
a<24>          |overflow_o     |   15.678|
a<24>          |y_sal<0>       |   17.157|
a<24>          |y_sal<1>       |   17.243|
a<24>          |y_sal<2>       |   17.245|
a<24>          |y_sal<3>       |   17.058|
a<24>          |y_sal<4>       |   17.068|
a<24>          |y_sal<5>       |   17.418|
a<24>          |y_sal<6>       |   17.625|
a<24>          |y_sal<7>       |   17.609|
a<24>          |y_sal<8>       |   16.493|
a<24>          |y_sal<9>       |   17.523|
a<24>          |y_sal<10>      |   18.082|
a<24>          |y_sal<11>      |   17.680|
a<24>          |y_sal<12>      |   18.368|
a<24>          |y_sal<13>      |   18.754|
a<24>          |y_sal<14>      |   18.548|
a<24>          |y_sal<15>      |   18.389|
a<24>          |y_sal<16>      |   18.700|
a<24>          |y_sal<17>      |   18.225|
a<24>          |y_sal<18>      |   20.809|
a<24>          |y_sal<19>      |   20.347|
a<24>          |y_sal<20>      |   20.529|
a<24>          |y_sal<21>      |   20.583|
a<24>          |y_sal<22>      |   20.673|
a<24>          |y_sal<23>      |   20.657|
a<24>          |y_sal<24>      |   22.381|
b<0>           |overflow_o     |   17.893|
b<0>           |y_sal<0>       |   19.372|
b<0>           |y_sal<1>       |   19.458|
b<0>           |y_sal<2>       |   19.460|
b<0>           |y_sal<3>       |   19.273|
b<0>           |y_sal<4>       |   19.283|
b<0>           |y_sal<5>       |   19.633|
b<0>           |y_sal<6>       |   19.840|
b<0>           |y_sal<7>       |   19.824|
b<0>           |y_sal<8>       |   18.708|
b<0>           |y_sal<9>       |   19.738|
b<0>           |y_sal<10>      |   20.297|
b<0>           |y_sal<11>      |   19.895|
b<0>           |y_sal<12>      |   20.583|
b<0>           |y_sal<13>      |   20.969|
b<0>           |y_sal<14>      |   20.763|
b<0>           |y_sal<15>      |   20.604|
b<0>           |y_sal<16>      |   20.915|
b<0>           |y_sal<17>      |   20.440|
b<0>           |y_sal<18>      |   23.024|
b<0>           |y_sal<19>      |   22.562|
b<0>           |y_sal<20>      |   22.744|
b<0>           |y_sal<21>      |   22.798|
b<0>           |y_sal<22>      |   22.888|
b<0>           |y_sal<23>      |   22.872|
b<0>           |y_sal<24>      |   24.596|
b<1>           |overflow_o     |   17.790|
b<1>           |y_sal<0>       |   19.269|
b<1>           |y_sal<1>       |   19.355|
b<1>           |y_sal<2>       |   19.357|
b<1>           |y_sal<3>       |   19.170|
b<1>           |y_sal<4>       |   19.180|
b<1>           |y_sal<5>       |   19.530|
b<1>           |y_sal<6>       |   19.737|
b<1>           |y_sal<7>       |   19.721|
b<1>           |y_sal<8>       |   18.605|
b<1>           |y_sal<9>       |   19.635|
b<1>           |y_sal<10>      |   20.194|
b<1>           |y_sal<11>      |   19.792|
b<1>           |y_sal<12>      |   20.480|
b<1>           |y_sal<13>      |   20.866|
b<1>           |y_sal<14>      |   20.660|
b<1>           |y_sal<15>      |   20.501|
b<1>           |y_sal<16>      |   20.812|
b<1>           |y_sal<17>      |   20.337|
b<1>           |y_sal<18>      |   22.921|
b<1>           |y_sal<19>      |   22.459|
b<1>           |y_sal<20>      |   22.641|
b<1>           |y_sal<21>      |   22.695|
b<1>           |y_sal<22>      |   22.785|
b<1>           |y_sal<23>      |   22.769|
b<1>           |y_sal<24>      |   24.493|
b<2>           |overflow_o     |   17.945|
b<2>           |y_sal<0>       |   19.424|
b<2>           |y_sal<1>       |   19.510|
b<2>           |y_sal<2>       |   19.512|
b<2>           |y_sal<3>       |   19.325|
b<2>           |y_sal<4>       |   19.335|
b<2>           |y_sal<5>       |   19.685|
b<2>           |y_sal<6>       |   19.892|
b<2>           |y_sal<7>       |   19.876|
b<2>           |y_sal<8>       |   18.760|
b<2>           |y_sal<9>       |   19.790|
b<2>           |y_sal<10>      |   20.349|
b<2>           |y_sal<11>      |   19.947|
b<2>           |y_sal<12>      |   20.635|
b<2>           |y_sal<13>      |   21.021|
b<2>           |y_sal<14>      |   20.815|
b<2>           |y_sal<15>      |   20.656|
b<2>           |y_sal<16>      |   20.967|
b<2>           |y_sal<17>      |   20.492|
b<2>           |y_sal<18>      |   23.076|
b<2>           |y_sal<19>      |   22.614|
b<2>           |y_sal<20>      |   22.796|
b<2>           |y_sal<21>      |   22.850|
b<2>           |y_sal<22>      |   22.940|
b<2>           |y_sal<23>      |   22.924|
b<2>           |y_sal<24>      |   24.648|
b<3>           |overflow_o     |   17.891|
b<3>           |y_sal<0>       |   19.370|
b<3>           |y_sal<1>       |   19.456|
b<3>           |y_sal<2>       |   19.458|
b<3>           |y_sal<3>       |   19.271|
b<3>           |y_sal<4>       |   19.281|
b<3>           |y_sal<5>       |   19.631|
b<3>           |y_sal<6>       |   19.838|
b<3>           |y_sal<7>       |   19.822|
b<3>           |y_sal<8>       |   18.706|
b<3>           |y_sal<9>       |   19.736|
b<3>           |y_sal<10>      |   20.295|
b<3>           |y_sal<11>      |   19.893|
b<3>           |y_sal<12>      |   20.581|
b<3>           |y_sal<13>      |   20.967|
b<3>           |y_sal<14>      |   20.761|
b<3>           |y_sal<15>      |   20.602|
b<3>           |y_sal<16>      |   20.913|
b<3>           |y_sal<17>      |   20.438|
b<3>           |y_sal<18>      |   23.022|
b<3>           |y_sal<19>      |   22.560|
b<3>           |y_sal<20>      |   22.742|
b<3>           |y_sal<21>      |   22.796|
b<3>           |y_sal<22>      |   22.886|
b<3>           |y_sal<23>      |   22.870|
b<3>           |y_sal<24>      |   24.594|
b<4>           |overflow_o     |   18.037|
b<4>           |y_sal<0>       |   19.516|
b<4>           |y_sal<1>       |   19.602|
b<4>           |y_sal<2>       |   19.604|
b<4>           |y_sal<3>       |   19.417|
b<4>           |y_sal<4>       |   19.427|
b<4>           |y_sal<5>       |   19.777|
b<4>           |y_sal<6>       |   19.984|
b<4>           |y_sal<7>       |   19.968|
b<4>           |y_sal<8>       |   18.852|
b<4>           |y_sal<9>       |   19.882|
b<4>           |y_sal<10>      |   20.441|
b<4>           |y_sal<11>      |   20.039|
b<4>           |y_sal<12>      |   20.727|
b<4>           |y_sal<13>      |   21.113|
b<4>           |y_sal<14>      |   20.907|
b<4>           |y_sal<15>      |   20.748|
b<4>           |y_sal<16>      |   21.059|
b<4>           |y_sal<17>      |   20.584|
b<4>           |y_sal<18>      |   23.168|
b<4>           |y_sal<19>      |   22.706|
b<4>           |y_sal<20>      |   22.888|
b<4>           |y_sal<21>      |   22.942|
b<4>           |y_sal<22>      |   23.032|
b<4>           |y_sal<23>      |   23.016|
b<4>           |y_sal<24>      |   24.740|
b<5>           |overflow_o     |   17.654|
b<5>           |y_sal<0>       |   19.133|
b<5>           |y_sal<1>       |   19.219|
b<5>           |y_sal<2>       |   19.221|
b<5>           |y_sal<3>       |   19.034|
b<5>           |y_sal<4>       |   19.044|
b<5>           |y_sal<5>       |   19.394|
b<5>           |y_sal<6>       |   19.601|
b<5>           |y_sal<7>       |   19.585|
b<5>           |y_sal<8>       |   18.469|
b<5>           |y_sal<9>       |   19.499|
b<5>           |y_sal<10>      |   20.058|
b<5>           |y_sal<11>      |   19.656|
b<5>           |y_sal<12>      |   20.344|
b<5>           |y_sal<13>      |   20.730|
b<5>           |y_sal<14>      |   20.524|
b<5>           |y_sal<15>      |   20.365|
b<5>           |y_sal<16>      |   20.676|
b<5>           |y_sal<17>      |   20.201|
b<5>           |y_sal<18>      |   22.785|
b<5>           |y_sal<19>      |   22.323|
b<5>           |y_sal<20>      |   22.505|
b<5>           |y_sal<21>      |   22.559|
b<5>           |y_sal<22>      |   22.649|
b<5>           |y_sal<23>      |   22.633|
b<5>           |y_sal<24>      |   24.357|
b<6>           |overflow_o     |   17.433|
b<6>           |y_sal<0>       |   18.912|
b<6>           |y_sal<1>       |   18.998|
b<6>           |y_sal<2>       |   19.000|
b<6>           |y_sal<3>       |   18.813|
b<6>           |y_sal<4>       |   18.823|
b<6>           |y_sal<5>       |   19.173|
b<6>           |y_sal<6>       |   19.380|
b<6>           |y_sal<7>       |   19.364|
b<6>           |y_sal<8>       |   18.248|
b<6>           |y_sal<9>       |   19.278|
b<6>           |y_sal<10>      |   19.837|
b<6>           |y_sal<11>      |   19.435|
b<6>           |y_sal<12>      |   20.123|
b<6>           |y_sal<13>      |   20.509|
b<6>           |y_sal<14>      |   20.303|
b<6>           |y_sal<15>      |   20.144|
b<6>           |y_sal<16>      |   20.455|
b<6>           |y_sal<17>      |   19.980|
b<6>           |y_sal<18>      |   22.564|
b<6>           |y_sal<19>      |   22.102|
b<6>           |y_sal<20>      |   22.284|
b<6>           |y_sal<21>      |   22.338|
b<6>           |y_sal<22>      |   22.428|
b<6>           |y_sal<23>      |   22.412|
b<6>           |y_sal<24>      |   24.136|
b<7>           |overflow_o     |   17.446|
b<7>           |y_sal<0>       |   18.925|
b<7>           |y_sal<1>       |   19.011|
b<7>           |y_sal<2>       |   19.013|
b<7>           |y_sal<3>       |   18.826|
b<7>           |y_sal<4>       |   18.836|
b<7>           |y_sal<5>       |   19.186|
b<7>           |y_sal<6>       |   19.393|
b<7>           |y_sal<7>       |   19.377|
b<7>           |y_sal<8>       |   18.261|
b<7>           |y_sal<9>       |   19.291|
b<7>           |y_sal<10>      |   19.850|
b<7>           |y_sal<11>      |   19.448|
b<7>           |y_sal<12>      |   20.136|
b<7>           |y_sal<13>      |   20.522|
b<7>           |y_sal<14>      |   20.316|
b<7>           |y_sal<15>      |   20.157|
b<7>           |y_sal<16>      |   20.468|
b<7>           |y_sal<17>      |   19.993|
b<7>           |y_sal<18>      |   22.577|
b<7>           |y_sal<19>      |   22.115|
b<7>           |y_sal<20>      |   22.297|
b<7>           |y_sal<21>      |   22.351|
b<7>           |y_sal<22>      |   22.441|
b<7>           |y_sal<23>      |   22.425|
b<7>           |y_sal<24>      |   24.149|
b<8>           |overflow_o     |   17.088|
b<8>           |y_sal<0>       |   18.567|
b<8>           |y_sal<1>       |   18.653|
b<8>           |y_sal<2>       |   18.655|
b<8>           |y_sal<3>       |   18.468|
b<8>           |y_sal<4>       |   18.478|
b<8>           |y_sal<5>       |   18.828|
b<8>           |y_sal<6>       |   19.035|
b<8>           |y_sal<7>       |   19.019|
b<8>           |y_sal<8>       |   17.903|
b<8>           |y_sal<9>       |   18.933|
b<8>           |y_sal<10>      |   19.492|
b<8>           |y_sal<11>      |   19.090|
b<8>           |y_sal<12>      |   19.778|
b<8>           |y_sal<13>      |   20.164|
b<8>           |y_sal<14>      |   19.958|
b<8>           |y_sal<15>      |   19.799|
b<8>           |y_sal<16>      |   20.110|
b<8>           |y_sal<17>      |   19.635|
b<8>           |y_sal<18>      |   22.219|
b<8>           |y_sal<19>      |   21.757|
b<8>           |y_sal<20>      |   21.939|
b<8>           |y_sal<21>      |   21.993|
b<8>           |y_sal<22>      |   22.083|
b<8>           |y_sal<23>      |   22.067|
b<8>           |y_sal<24>      |   23.791|
b<9>           |overflow_o     |   17.341|
b<9>           |y_sal<0>       |   18.820|
b<9>           |y_sal<1>       |   18.906|
b<9>           |y_sal<2>       |   18.908|
b<9>           |y_sal<3>       |   18.721|
b<9>           |y_sal<4>       |   18.731|
b<9>           |y_sal<5>       |   19.081|
b<9>           |y_sal<6>       |   19.288|
b<9>           |y_sal<7>       |   19.272|
b<9>           |y_sal<8>       |   18.156|
b<9>           |y_sal<9>       |   19.186|
b<9>           |y_sal<10>      |   19.745|
b<9>           |y_sal<11>      |   19.343|
b<9>           |y_sal<12>      |   20.031|
b<9>           |y_sal<13>      |   20.417|
b<9>           |y_sal<14>      |   20.211|
b<9>           |y_sal<15>      |   20.052|
b<9>           |y_sal<16>      |   20.363|
b<9>           |y_sal<17>      |   19.888|
b<9>           |y_sal<18>      |   22.472|
b<9>           |y_sal<19>      |   22.010|
b<9>           |y_sal<20>      |   22.192|
b<9>           |y_sal<21>      |   22.246|
b<9>           |y_sal<22>      |   22.336|
b<9>           |y_sal<23>      |   22.320|
b<9>           |y_sal<24>      |   24.044|
b<10>          |overflow_o     |   17.056|
b<10>          |y_sal<0>       |   18.535|
b<10>          |y_sal<1>       |   18.621|
b<10>          |y_sal<2>       |   18.623|
b<10>          |y_sal<3>       |   18.436|
b<10>          |y_sal<4>       |   18.446|
b<10>          |y_sal<5>       |   18.796|
b<10>          |y_sal<6>       |   19.003|
b<10>          |y_sal<7>       |   18.987|
b<10>          |y_sal<8>       |   17.871|
b<10>          |y_sal<9>       |   18.901|
b<10>          |y_sal<10>      |   19.460|
b<10>          |y_sal<11>      |   19.058|
b<10>          |y_sal<12>      |   19.746|
b<10>          |y_sal<13>      |   20.132|
b<10>          |y_sal<14>      |   19.926|
b<10>          |y_sal<15>      |   19.767|
b<10>          |y_sal<16>      |   20.078|
b<10>          |y_sal<17>      |   19.603|
b<10>          |y_sal<18>      |   22.187|
b<10>          |y_sal<19>      |   21.725|
b<10>          |y_sal<20>      |   21.907|
b<10>          |y_sal<21>      |   21.961|
b<10>          |y_sal<22>      |   22.051|
b<10>          |y_sal<23>      |   22.035|
b<10>          |y_sal<24>      |   23.759|
b<11>          |overflow_o     |   16.999|
b<11>          |y_sal<0>       |   18.478|
b<11>          |y_sal<1>       |   18.564|
b<11>          |y_sal<2>       |   18.566|
b<11>          |y_sal<3>       |   18.379|
b<11>          |y_sal<4>       |   18.389|
b<11>          |y_sal<5>       |   18.739|
b<11>          |y_sal<6>       |   18.946|
b<11>          |y_sal<7>       |   18.930|
b<11>          |y_sal<8>       |   17.814|
b<11>          |y_sal<9>       |   18.844|
b<11>          |y_sal<10>      |   19.403|
b<11>          |y_sal<11>      |   19.001|
b<11>          |y_sal<12>      |   19.689|
b<11>          |y_sal<13>      |   20.075|
b<11>          |y_sal<14>      |   19.869|
b<11>          |y_sal<15>      |   19.710|
b<11>          |y_sal<16>      |   20.021|
b<11>          |y_sal<17>      |   19.546|
b<11>          |y_sal<18>      |   22.130|
b<11>          |y_sal<19>      |   21.668|
b<11>          |y_sal<20>      |   21.850|
b<11>          |y_sal<21>      |   21.904|
b<11>          |y_sal<22>      |   21.994|
b<11>          |y_sal<23>      |   21.978|
b<11>          |y_sal<24>      |   23.702|
b<12>          |overflow_o     |   16.951|
b<12>          |y_sal<0>       |   18.430|
b<12>          |y_sal<1>       |   18.516|
b<12>          |y_sal<2>       |   18.518|
b<12>          |y_sal<3>       |   18.331|
b<12>          |y_sal<4>       |   18.341|
b<12>          |y_sal<5>       |   18.691|
b<12>          |y_sal<6>       |   18.898|
b<12>          |y_sal<7>       |   18.882|
b<12>          |y_sal<8>       |   17.766|
b<12>          |y_sal<9>       |   18.796|
b<12>          |y_sal<10>      |   19.355|
b<12>          |y_sal<11>      |   18.953|
b<12>          |y_sal<12>      |   19.641|
b<12>          |y_sal<13>      |   20.027|
b<12>          |y_sal<14>      |   19.821|
b<12>          |y_sal<15>      |   19.662|
b<12>          |y_sal<16>      |   19.973|
b<12>          |y_sal<17>      |   19.498|
b<12>          |y_sal<18>      |   22.082|
b<12>          |y_sal<19>      |   21.620|
b<12>          |y_sal<20>      |   21.802|
b<12>          |y_sal<21>      |   21.856|
b<12>          |y_sal<22>      |   21.946|
b<12>          |y_sal<23>      |   21.930|
b<12>          |y_sal<24>      |   23.654|
b<13>          |overflow_o     |   16.817|
b<13>          |y_sal<0>       |   18.296|
b<13>          |y_sal<1>       |   18.382|
b<13>          |y_sal<2>       |   18.384|
b<13>          |y_sal<3>       |   18.197|
b<13>          |y_sal<4>       |   18.207|
b<13>          |y_sal<5>       |   18.557|
b<13>          |y_sal<6>       |   18.764|
b<13>          |y_sal<7>       |   18.748|
b<13>          |y_sal<8>       |   17.632|
b<13>          |y_sal<9>       |   18.662|
b<13>          |y_sal<10>      |   19.221|
b<13>          |y_sal<11>      |   18.819|
b<13>          |y_sal<12>      |   19.507|
b<13>          |y_sal<13>      |   19.893|
b<13>          |y_sal<14>      |   19.687|
b<13>          |y_sal<15>      |   19.528|
b<13>          |y_sal<16>      |   19.839|
b<13>          |y_sal<17>      |   19.364|
b<13>          |y_sal<18>      |   21.948|
b<13>          |y_sal<19>      |   21.486|
b<13>          |y_sal<20>      |   21.668|
b<13>          |y_sal<21>      |   21.722|
b<13>          |y_sal<22>      |   21.812|
b<13>          |y_sal<23>      |   21.796|
b<13>          |y_sal<24>      |   23.520|
b<14>          |overflow_o     |   16.936|
b<14>          |y_sal<0>       |   18.415|
b<14>          |y_sal<1>       |   18.501|
b<14>          |y_sal<2>       |   18.503|
b<14>          |y_sal<3>       |   18.316|
b<14>          |y_sal<4>       |   18.326|
b<14>          |y_sal<5>       |   18.676|
b<14>          |y_sal<6>       |   18.883|
b<14>          |y_sal<7>       |   18.867|
b<14>          |y_sal<8>       |   17.751|
b<14>          |y_sal<9>       |   18.781|
b<14>          |y_sal<10>      |   19.340|
b<14>          |y_sal<11>      |   18.938|
b<14>          |y_sal<12>      |   19.626|
b<14>          |y_sal<13>      |   20.012|
b<14>          |y_sal<14>      |   19.806|
b<14>          |y_sal<15>      |   19.647|
b<14>          |y_sal<16>      |   19.958|
b<14>          |y_sal<17>      |   19.483|
b<14>          |y_sal<18>      |   22.067|
b<14>          |y_sal<19>      |   21.605|
b<14>          |y_sal<20>      |   21.787|
b<14>          |y_sal<21>      |   21.841|
b<14>          |y_sal<22>      |   21.931|
b<14>          |y_sal<23>      |   21.915|
b<14>          |y_sal<24>      |   23.639|
b<15>          |overflow_o     |   16.998|
b<15>          |y_sal<0>       |   18.477|
b<15>          |y_sal<1>       |   18.563|
b<15>          |y_sal<2>       |   18.565|
b<15>          |y_sal<3>       |   18.378|
b<15>          |y_sal<4>       |   18.388|
b<15>          |y_sal<5>       |   18.738|
b<15>          |y_sal<6>       |   18.945|
b<15>          |y_sal<7>       |   18.929|
b<15>          |y_sal<8>       |   17.813|
b<15>          |y_sal<9>       |   18.843|
b<15>          |y_sal<10>      |   19.402|
b<15>          |y_sal<11>      |   19.000|
b<15>          |y_sal<12>      |   19.688|
b<15>          |y_sal<13>      |   20.074|
b<15>          |y_sal<14>      |   19.868|
b<15>          |y_sal<15>      |   19.709|
b<15>          |y_sal<16>      |   20.020|
b<15>          |y_sal<17>      |   19.545|
b<15>          |y_sal<18>      |   22.129|
b<15>          |y_sal<19>      |   21.667|
b<15>          |y_sal<20>      |   21.849|
b<15>          |y_sal<21>      |   21.903|
b<15>          |y_sal<22>      |   21.993|
b<15>          |y_sal<23>      |   21.977|
b<15>          |y_sal<24>      |   23.701|
b<16>          |overflow_o     |   16.979|
b<16>          |y_sal<0>       |   18.458|
b<16>          |y_sal<1>       |   18.544|
b<16>          |y_sal<2>       |   18.546|
b<16>          |y_sal<3>       |   18.359|
b<16>          |y_sal<4>       |   18.369|
b<16>          |y_sal<5>       |   18.719|
b<16>          |y_sal<6>       |   18.926|
b<16>          |y_sal<7>       |   18.910|
b<16>          |y_sal<8>       |   17.794|
b<16>          |y_sal<9>       |   18.824|
b<16>          |y_sal<10>      |   19.383|
b<16>          |y_sal<11>      |   18.981|
b<16>          |y_sal<12>      |   19.669|
b<16>          |y_sal<13>      |   20.055|
b<16>          |y_sal<14>      |   19.849|
b<16>          |y_sal<15>      |   19.690|
b<16>          |y_sal<16>      |   20.001|
b<16>          |y_sal<17>      |   19.526|
b<16>          |y_sal<18>      |   22.110|
b<16>          |y_sal<19>      |   21.648|
b<16>          |y_sal<20>      |   21.830|
b<16>          |y_sal<21>      |   21.884|
b<16>          |y_sal<22>      |   21.974|
b<16>          |y_sal<23>      |   21.958|
b<16>          |y_sal<24>      |   23.682|
b<17>          |overflow_o     |   12.194|
b<17>          |y_sal<0>       |   13.673|
b<17>          |y_sal<1>       |   13.759|
b<17>          |y_sal<2>       |   13.761|
b<17>          |y_sal<3>       |   13.574|
b<17>          |y_sal<4>       |   13.584|
b<17>          |y_sal<5>       |   13.934|
b<17>          |y_sal<6>       |   14.141|
b<17>          |y_sal<7>       |   14.125|
b<17>          |y_sal<8>       |   13.009|
b<17>          |y_sal<9>       |   14.039|
b<17>          |y_sal<10>      |   14.598|
b<17>          |y_sal<11>      |   14.196|
b<17>          |y_sal<12>      |   14.884|
b<17>          |y_sal<13>      |   15.270|
b<17>          |y_sal<14>      |   15.064|
b<17>          |y_sal<15>      |   14.905|
b<17>          |y_sal<16>      |   15.216|
b<17>          |y_sal<17>      |   14.741|
b<17>          |y_sal<18>      |   17.325|
b<17>          |y_sal<19>      |   16.863|
b<17>          |y_sal<20>      |   17.045|
b<17>          |y_sal<21>      |   17.099|
b<17>          |y_sal<22>      |   17.189|
b<17>          |y_sal<23>      |   17.173|
b<17>          |y_sal<24>      |   18.897|
b<18>          |overflow_o     |   12.451|
b<18>          |y_sal<0>       |   13.930|
b<18>          |y_sal<1>       |   14.016|
b<18>          |y_sal<2>       |   14.018|
b<18>          |y_sal<3>       |   13.831|
b<18>          |y_sal<4>       |   13.841|
b<18>          |y_sal<5>       |   14.191|
b<18>          |y_sal<6>       |   14.398|
b<18>          |y_sal<7>       |   14.382|
b<18>          |y_sal<8>       |   13.266|
b<18>          |y_sal<9>       |   14.296|
b<18>          |y_sal<10>      |   14.855|
b<18>          |y_sal<11>      |   14.453|
b<18>          |y_sal<12>      |   15.141|
b<18>          |y_sal<13>      |   15.527|
b<18>          |y_sal<14>      |   15.321|
b<18>          |y_sal<15>      |   15.162|
b<18>          |y_sal<16>      |   15.473|
b<18>          |y_sal<17>      |   14.998|
b<18>          |y_sal<18>      |   17.582|
b<18>          |y_sal<19>      |   17.120|
b<18>          |y_sal<20>      |   17.302|
b<18>          |y_sal<21>      |   17.356|
b<18>          |y_sal<22>      |   17.446|
b<18>          |y_sal<23>      |   17.430|
b<18>          |y_sal<24>      |   19.154|
b<19>          |overflow_o     |   12.082|
b<19>          |y_sal<0>       |   13.561|
b<19>          |y_sal<1>       |   13.647|
b<19>          |y_sal<2>       |   13.649|
b<19>          |y_sal<3>       |   13.462|
b<19>          |y_sal<4>       |   13.472|
b<19>          |y_sal<5>       |   13.822|
b<19>          |y_sal<6>       |   14.029|
b<19>          |y_sal<7>       |   14.013|
b<19>          |y_sal<8>       |   12.897|
b<19>          |y_sal<9>       |   13.927|
b<19>          |y_sal<10>      |   14.486|
b<19>          |y_sal<11>      |   14.084|
b<19>          |y_sal<12>      |   14.772|
b<19>          |y_sal<13>      |   15.158|
b<19>          |y_sal<14>      |   14.952|
b<19>          |y_sal<15>      |   14.793|
b<19>          |y_sal<16>      |   15.104|
b<19>          |y_sal<17>      |   14.629|
b<19>          |y_sal<18>      |   17.213|
b<19>          |y_sal<19>      |   16.751|
b<19>          |y_sal<20>      |   16.933|
b<19>          |y_sal<21>      |   16.987|
b<19>          |y_sal<22>      |   17.077|
b<19>          |y_sal<23>      |   17.061|
b<19>          |y_sal<24>      |   18.785|
b<20>          |overflow_o     |   11.986|
b<20>          |y_sal<0>       |   13.465|
b<20>          |y_sal<1>       |   13.551|
b<20>          |y_sal<2>       |   13.553|
b<20>          |y_sal<3>       |   13.366|
b<20>          |y_sal<4>       |   13.376|
b<20>          |y_sal<5>       |   13.726|
b<20>          |y_sal<6>       |   13.933|
b<20>          |y_sal<7>       |   13.917|
b<20>          |y_sal<8>       |   12.801|
b<20>          |y_sal<9>       |   13.831|
b<20>          |y_sal<10>      |   14.390|
b<20>          |y_sal<11>      |   13.988|
b<20>          |y_sal<12>      |   14.676|
b<20>          |y_sal<13>      |   15.062|
b<20>          |y_sal<14>      |   14.856|
b<20>          |y_sal<15>      |   14.697|
b<20>          |y_sal<16>      |   15.008|
b<20>          |y_sal<17>      |   14.533|
b<20>          |y_sal<18>      |   17.117|
b<20>          |y_sal<19>      |   16.655|
b<20>          |y_sal<20>      |   16.837|
b<20>          |y_sal<21>      |   16.891|
b<20>          |y_sal<22>      |   16.981|
b<20>          |y_sal<23>      |   16.965|
b<20>          |y_sal<24>      |   18.689|
b<21>          |overflow_o     |   12.044|
b<21>          |y_sal<0>       |   13.523|
b<21>          |y_sal<1>       |   13.609|
b<21>          |y_sal<2>       |   13.611|
b<21>          |y_sal<3>       |   13.424|
b<21>          |y_sal<4>       |   13.434|
b<21>          |y_sal<5>       |   13.784|
b<21>          |y_sal<6>       |   13.991|
b<21>          |y_sal<7>       |   13.975|
b<21>          |y_sal<8>       |   12.859|
b<21>          |y_sal<9>       |   13.889|
b<21>          |y_sal<10>      |   14.448|
b<21>          |y_sal<11>      |   14.046|
b<21>          |y_sal<12>      |   14.734|
b<21>          |y_sal<13>      |   15.120|
b<21>          |y_sal<14>      |   14.914|
b<21>          |y_sal<15>      |   14.755|
b<21>          |y_sal<16>      |   15.066|
b<21>          |y_sal<17>      |   14.591|
b<21>          |y_sal<18>      |   17.175|
b<21>          |y_sal<19>      |   16.713|
b<21>          |y_sal<20>      |   16.895|
b<21>          |y_sal<21>      |   16.949|
b<21>          |y_sal<22>      |   17.039|
b<21>          |y_sal<23>      |   17.023|
b<21>          |y_sal<24>      |   18.747|
b<22>          |overflow_o     |   11.875|
b<22>          |y_sal<0>       |   13.354|
b<22>          |y_sal<1>       |   13.440|
b<22>          |y_sal<2>       |   13.442|
b<22>          |y_sal<3>       |   13.255|
b<22>          |y_sal<4>       |   13.265|
b<22>          |y_sal<5>       |   13.615|
b<22>          |y_sal<6>       |   13.822|
b<22>          |y_sal<7>       |   13.806|
b<22>          |y_sal<8>       |   12.690|
b<22>          |y_sal<9>       |   13.720|
b<22>          |y_sal<10>      |   14.279|
b<22>          |y_sal<11>      |   13.877|
b<22>          |y_sal<12>      |   14.565|
b<22>          |y_sal<13>      |   14.951|
b<22>          |y_sal<14>      |   14.745|
b<22>          |y_sal<15>      |   14.586|
b<22>          |y_sal<16>      |   14.897|
b<22>          |y_sal<17>      |   14.422|
b<22>          |y_sal<18>      |   17.006|
b<22>          |y_sal<19>      |   16.544|
b<22>          |y_sal<20>      |   16.726|
b<22>          |y_sal<21>      |   16.780|
b<22>          |y_sal<22>      |   16.870|
b<22>          |y_sal<23>      |   16.854|
b<22>          |y_sal<24>      |   18.578|
b<23>          |overflow_o     |   12.274|
b<23>          |y_sal<0>       |   13.753|
b<23>          |y_sal<1>       |   13.839|
b<23>          |y_sal<2>       |   13.841|
b<23>          |y_sal<3>       |   13.654|
b<23>          |y_sal<4>       |   13.664|
b<23>          |y_sal<5>       |   14.014|
b<23>          |y_sal<6>       |   14.221|
b<23>          |y_sal<7>       |   14.205|
b<23>          |y_sal<8>       |   13.089|
b<23>          |y_sal<9>       |   14.119|
b<23>          |y_sal<10>      |   14.678|
b<23>          |y_sal<11>      |   14.276|
b<23>          |y_sal<12>      |   14.964|
b<23>          |y_sal<13>      |   15.350|
b<23>          |y_sal<14>      |   15.144|
b<23>          |y_sal<15>      |   14.985|
b<23>          |y_sal<16>      |   15.296|
b<23>          |y_sal<17>      |   14.821|
b<23>          |y_sal<18>      |   17.405|
b<23>          |y_sal<19>      |   16.943|
b<23>          |y_sal<20>      |   17.125|
b<23>          |y_sal<21>      |   17.179|
b<23>          |y_sal<22>      |   17.269|
b<23>          |y_sal<23>      |   17.253|
b<23>          |y_sal<24>      |   18.977|
b<24>          |overflow_o     |   12.285|
b<24>          |y_sal<0>       |   13.764|
b<24>          |y_sal<1>       |   13.850|
b<24>          |y_sal<2>       |   13.852|
b<24>          |y_sal<3>       |   13.665|
b<24>          |y_sal<4>       |   13.675|
b<24>          |y_sal<5>       |   14.025|
b<24>          |y_sal<6>       |   14.232|
b<24>          |y_sal<7>       |   14.216|
b<24>          |y_sal<8>       |   13.100|
b<24>          |y_sal<9>       |   14.130|
b<24>          |y_sal<10>      |   14.689|
b<24>          |y_sal<11>      |   14.287|
b<24>          |y_sal<12>      |   14.975|
b<24>          |y_sal<13>      |   15.361|
b<24>          |y_sal<14>      |   15.155|
b<24>          |y_sal<15>      |   14.996|
b<24>          |y_sal<16>      |   15.307|
b<24>          |y_sal<17>      |   14.832|
b<24>          |y_sal<18>      |   17.416|
b<24>          |y_sal<19>      |   16.954|
b<24>          |y_sal<20>      |   17.136|
b<24>          |y_sal<21>      |   17.190|
b<24>          |y_sal<22>      |   17.280|
b<24>          |y_sal<23>      |   17.264|
b<24>          |y_sal<24>      |   18.988|
func<0>        |overflow_o     |    7.241|
func<0>        |y_sal<0>       |    9.460|
func<0>        |y_sal<1>       |    9.546|
func<0>        |y_sal<2>       |    9.548|
func<0>        |y_sal<3>       |    9.160|
func<0>        |y_sal<4>       |    9.341|
func<0>        |y_sal<5>       |    8.947|
func<0>        |y_sal<6>       |    9.228|
func<0>        |y_sal<7>       |    9.036|
func<0>        |y_sal<8>       |    8.608|
func<0>        |y_sal<9>       |    9.826|
func<0>        |y_sal<10>      |    9.514|
func<0>        |y_sal<11>      |    9.983|
func<0>        |y_sal<12>      |    9.732|
func<0>        |y_sal<13>      |    9.792|
func<0>        |y_sal<14>      |    9.690|
func<0>        |y_sal<15>      |   10.007|
func<0>        |y_sal<16>      |   10.029|
func<0>        |y_sal<17>      |   10.528|
func<0>        |y_sal<18>      |   10.428|
func<0>        |y_sal<19>      |   10.016|
func<0>        |y_sal<20>      |   10.262|
func<0>        |y_sal<21>      |   10.483|
func<0>        |y_sal<22>      |   10.616|
func<0>        |y_sal<23>      |   10.605|
func<0>        |y_sal<24>      |    8.691|
func<1>        |overflow_o     |    6.871|
func<1>        |y_sal<0>       |    8.543|
func<1>        |y_sal<1>       |    8.629|
func<1>        |y_sal<2>       |    8.631|
func<1>        |y_sal<3>       |    8.243|
func<1>        |y_sal<4>       |    8.424|
func<1>        |y_sal<5>       |    8.030|
func<1>        |y_sal<6>       |    8.311|
func<1>        |y_sal<7>       |    8.119|
func<1>        |y_sal<8>       |    7.514|
func<1>        |y_sal<9>       |    8.909|
func<1>        |y_sal<10>      |    8.597|
func<1>        |y_sal<11>      |    9.066|
func<1>        |y_sal<12>      |    8.815|
func<1>        |y_sal<13>      |    8.875|
func<1>        |y_sal<14>      |    8.773|
func<1>        |y_sal<15>      |    9.090|
func<1>        |y_sal<16>      |    9.112|
func<1>        |y_sal<17>      |    9.611|
func<1>        |y_sal<18>      |    9.511|
func<1>        |y_sal<19>      |    9.099|
func<1>        |y_sal<20>      |    9.345|
func<1>        |y_sal<21>      |    9.566|
func<1>        |y_sal<22>      |    9.699|
func<1>        |y_sal<23>      |    9.688|
func<1>        |y_sal<24>      |    9.543|
---------------+---------------+---------+


Analysis completed Tue Apr 14 14:05:55 2015 
--------------------------------------------------------------------------------

Trace Settings:
-------------------------
Trace Settings 

Peak Memory Usage: 155 MB



